[33m>[39m Building...
[32mΓêÜ[39m Building...
[1mInitial chunk files[22m                    [2m | [22m[1mNames[22m                               [2m | [22m [1mRaw size[22m
[32mchunk-VXA2ITXU.js[39m                      [2m | [22m[2m-[22m                                   [2m | [22m  [36m1.17 MB[39m[2m | [22m
[32mchunk-W7S3KEZW.js[39m                      [2m | [22m[2m-[22m                                   [2m | [22m  [36m1.13 MB[39m[2m | [22m
[32mpolyfills.js[39m                           [2m | [22m[2mpolyfills[22m                           [2m | [22m  [36m1.04 MB[39m[2m | [22m
[32mspec-login.spec.js[39m                     [2m | [22m[2mspec-login.spec[22m                     [2m | [22m[36m929.21 kB[39m[2m | [22m
[32mchunk-R2DRBV7S.js[39m                      [2m | [22m[2m-[22m                                   [2m | [22m[36m813.57 kB[39m[2m | [22m
[32mchunk-ZBNOFGO3.js[39m                      [2m | [22m[2m-[22m                                   [2m | [22m[36m237.00 kB[39m[2m | [22m
[32mjasmine-cleanup-1.js[39m                   [2m | [22m[2mjasmine-cleanup-1[22m                   [2m | [22m [36m67.20 kB[39m[2m | [22m
[32mspec-scenario-engine.spec.js[39m           [2m | [22m[2mspec-scenario-engine.spec[22m           [2m | [22m [36m25.03 kB[39m[2m | [22m
[32mtest_main.js[39m                           [2m | [22m[2mtest_main[22m                           [2m | [22m [36m21.87 kB[39m[2m | [22m
[32mchunk-THXAF35G.js[39m                      [2m | [22m[2m-[22m                                   [2m | [22m [36m19.05 kB[39m[2m | [22m
[32mspec-monte-carlo.spec.js[39m               [2m | [22m[2mspec-monte-carlo.spec[22m               [2m | [22m [36m15.30 kB[39m[2m | [22m
[32mspec-strategy-selector.spec.js[39m         [2m | [22m[2mspec-strategy-selector.spec[22m         [2m | [22m [36m11.75 kB[39m[2m | [22m
[32mchunk-DTQ2GIPP.js[39m                      [2m | [22m[2m-[22m                                   [2m | [22m [36m10.62 kB[39m[2m | [22m
[32mstyles.css[39m                             [2m | [22m[2mstyles[22m                              [2m | [22m  [36m8.82 kB[39m[2m | [22m
[32mspec-scenario.service.spec.js[39m          [2m | [22m[2mspec-scenario.service.spec[22m          [2m | [22m  [36m8.12 kB[39m[2m | [22m
[32mspec-monte-carlo-returns.spec.js[39m       [2m | [22m[2mspec-monte-carlo-returns.spec[22m       [2m | [22m  [36m4.95 kB[39m[2m | [22m
[32mchunk-5NOMII2H.js[39m                      [2m | [22m[2m-[22m                                   [2m | [22m  [36m4.91 kB[39m[2m | [22m
[32mspec-roth-conversion-calculator.spec.js[39m[2m | [22m[2mspec-roth-conversion-calculator.spec[22m[2m | [22m  [36m4.42 kB[39m[2m | [22m
[32mspec-export.service.spec.js[39m            [2m | [22m[2mspec-export.service.spec[22m            [2m | [22m  [36m4.40 kB[39m[2m | [22m
[32mspec-account.service.spec.js[39m           [2m | [22m[2mspec-account.service.spec[22m           [2m | [22m  [36m4.03 kB[39m[2m | [22m
[32mspec-tax-tables.spec.js[39m                [2m | [22m[2mspec-tax-tables.spec[22m                [2m | [22m  [36m3.14 kB[39m[2m | [22m
[32mspec-auth.service.spec.js[39m              [2m | [22m[2mspec-auth.service.spec[22m              [2m | [22m  [36m3.09 kB[39m[2m | [22m
[32mspec-spending-guardrail.spec.js[39m        [2m | [22m[2mspec-spending-guardrail.spec[22m        [2m | [22m  [36m3.06 kB[39m[2m | [22m
[32mchunk-6SO6CYAT.js[39m                      [2m | [22m[2m-[22m                                   [2m | [22m  [36m2.99 kB[39m[2m | [22m
[32mchunk-IWVXQVUY.js[39m                      [2m | [22m[2m-[22m                                   [2m | [22m  [36m2.59 kB[39m[2m | [22m
[32mchunk-L62FB7IJ.js[39m                      [2m | [22m[2m-[22m                                   [2m | [22m  [36m2.54 kB[39m[2m | [22m
[32mchunk-NV7TX566.js[39m                      [2m | [22m[2m-[22m                                   [2m | [22m  [36m2.27 kB[39m[2m | [22m
[32mchunk-YE35R3ZD.js[39m                      [2m | [22m[2m-[22m                                   [2m | [22m  [36m1.64 kB[39m[2m | [22m
[32mchunk-IRZMMBVW.js[39m                      [2m | [22m[2m-[22m                                   [2m | [22m  [36m1.50 kB[39m[2m | [22m
[32mspec-tax-bracket-calculator.spec.js[39m    [2m | [22m[2mspec-tax-bracket-calculator.spec[22m    [2m | [22m[36m987 bytes[39m[2m | [22m
[32mchunk-GM3YI2CJ.js[39m                      [2m | [22m[2m-[22m                                   [2m | [22m[36m980 bytes[39m[2m | [22m
[32mspec-rmd-calculator.spec.js[39m            [2m | [22m[2mspec-rmd-calculator.spec[22m            [2m | [22m[36m703 bytes[39m[2m | [22m
[32mspec-social-security-calculator.spec.js[39m[2m | [22m[2mspec-social-security-calculator.spec[22m[2m | [22m[36m585 bytes[39m[2m | [22m
[32mjasmine-cleanup-0.js[39m                   [2m | [22m[2mjasmine-cleanup-0[22m                   [2m | [22m[36m519 bytes[39m[2m | [22m

[1m [22m                                      [2m | [22m[1mInitial total[22m                       [2m | [22m  [1m5.56 MB[22m

[1mLazy chunk files[22m                       [2m | [22m[1mNames[22m                               [2m | [22m [1mRaw size[22m
[32mchunk-ZGY5IMDW.js[39m                      [2m | [22m[2mbrowser[22m                             [2m | [22m[36m172.10 kB[39m[2m | [22m

Application bundle generation complete. [2.660 seconds] - 2026-07-13T15:00:22.280Z

[32m13 07 2026 11:00:22.992:INFO [karma-server]: [39mKarma v6.4.4 server started at http://localhost:9876/
[32m13 07 2026 11:00:22.993:INFO [launcher]: [39mLaunching browsers ChromeHeadlessNoGpu with concurrency unlimited
[32m13 07 2026 11:00:23.006:INFO [launcher]: [39mStarting browser ChromeHeadless
[32m13 07 2026 11:00:24.391:INFO [Chrome Headless 150.0.0.0 (Windows 10)]: [39mConnected on socket zOqM8gy0QWnwVm5EAAAB with id 44714553
Chrome Headless 150.0.0.0 (Windows 10): Executed 0 of 120[32m SUCCESS[39m (0 secs / 0 secs)
[1A[2KChrome Headless 150.0.0.0 (Windows 10): Executed 1 of 120[32m SUCCESS[39m (0 secs / 0.001 secs)
[1A[2KChrome Headless 150.0.0.0 (Windows 10): Executed 2 of 120[32m SUCCESS[39m (0 secs / 0.001 secs)
[1A[2KChrome Headless 150.0.0.0 (Windows 10): Executed 3 of 120[32m SUCCESS[39m (0 secs / 0.001 secs)
[1A[2KChrome Headless 150.0.0.0 (Windows 10): Executed 4 of 120[32m SUCCESS[39m (0 secs / 0.001 secs)
[1A[2KChrome Headless 150.0.0.0 (Windows 10): Executed 5 of 120[32m SUCCESS[39m (0 secs / 0.23 secs)
[1A[2KChrome Headless 150.0.0.0 (Windows 10): Executed 6 of 120[32m SUCCESS[39m (0 secs / 0.754 secs)
[1A[2KChrome Headless 150.0.0.0 (Windows 10): Executed 7 of 120[32m SUCCESS[39m (0 secs / 0.82 secs)
[1A[2KChrome Headless 150.0.0.0 (Windows 10): Executed 8 of 120[32m SUCCESS[39m (0 secs / 1.029 secs)
[1A[2KChrome Headless 150.0.0.0 (Windows 10): Executed 9 of 120[32m SUCCESS[39m (0 secs / 1.194 secs)
[1A[2KChrome Headless 150.0.0.0 (Windows 10): Executed 10 of 120[32m SUCCESS[39m (0 secs / 1.387 secs)
[1A[2KChrome Headless 150.0.0.0 (Windows 10): Executed 11 of 120[32m SUCCESS[39m (0 secs / 1.546 secs)
[1A[2KChrome Headless 150.0.0.0 (Windows 10): Executed 12 of 120[32m SUCCESS[39m (0 secs / 1.547 secs)
[1A[2KChrome Headless 150.0.0.0 (Windows 10): Executed 13 of 120[32m SUCCESS[39m (0 secs / 1.607 secs)
[1A[2KChrome Headless 150.0.0.0 (Windows 10): Executed 14 of 120[32m SUCCESS[39m (0 secs / 1.608 secs)
[1A[2KChrome Headless 150.0.0.0 (Windows 10): Executed 15 of 120[32m SUCCESS[39m (0 secs / 1.608 secs)
[1A[2KChrome Headless 150.0.0.0 (Windows 10): Executed 16 of 120[32m SUCCESS[39m (0 secs / 1.608 secs)
[1A[2KChrome Headless 150.0.0.0 (Windows 10): Executed 17 of 120[32m SUCCESS[39m (0 secs / 1.608 secs)
[1A[2KChrome Headless 150.0.0.0 (Windows 10): Executed 18 of 120[32m SUCCESS[39m (0 secs / 1.608 secs)
[1A[2KChrome Headless 150.0.0.0 (Windows 10): Executed 19 of 120[32m SUCCESS[39m (0 secs / 1.609 secs)
[1A[2KChrome Headless 150.0.0.0 (Windows 10): Executed 20 of 120[32m SUCCESS[39m (0 secs / 1.609 secs)
[1A[2KChrome Headless 150.0.0.0 (Windows 10): Executed 21 of 120[32m SUCCESS[39m (0 secs / 1.609 secs)
[1A[2KChrome Headless 150.0.0.0 (Windows 10): Executed 22 of 120[32m SUCCESS[39m (0 secs / 1.609 secs)
[1A[2KChrome Headless 150.0.0.0 (Windows 10): Executed 23 of 120[32m SUCCESS[39m (0 secs / 1.609 secs)
[1A[2KChrome Headless 150.0.0.0 (Windows 10): Executed 24 of 120[32m SUCCESS[39m (0 secs / 1.673 secs)
[1A[2KChrome Headless 150.0.0.0 (Windows 10): Executed 25 of 120[32m SUCCESS[39m (0 secs / 1.683 secs)
[1A[2KChrome Headless 150.0.0.0 (Windows 10): Executed 26 of 120[32m SUCCESS[39m (0 secs / 1.69 secs)
[1A[2KChrome Headless 150.0.0.0 (Windows 10): Executed 27 of 120[32m SUCCESS[39m (0 secs / 1.69 secs)
[1A[2KChrome Headless 150.0.0.0 (Windows 10): Executed 28 of 120[32m SUCCESS[39m (0 secs / 1.69 secs)
[1A[2KChrome Headless 150.0.0.0 (Windows 10): Executed 29 of 120[32m SUCCESS[39m (0 secs / 1.69 secs)
[1A[2KChrome Headless 150.0.0.0 (Windows 10): Executed 30 of 120[32m SUCCESS[39m (0 secs / 1.69 secs)
[1A[2KChrome Headless 150.0.0.0 (Windows 10): Executed 31 of 120[32m SUCCESS[39m (0 secs / 1.69 secs)
[1A[2KChrome Headless 150.0.0.0 (Windows 10): Executed 32 of 120[32m SUCCESS[39m (0 secs / 1.691 secs)
[1A[2KChrome Headless 150.0.0.0 (Windows 10): Executed 33 of 120[32m SUCCESS[39m (0 secs / 1.694 secs)
[1A[2KChrome Headless 150.0.0.0 (Windows 10): Executed 34 of 120[32m SUCCESS[39m (0 secs / 1.695 secs)
[1A[2KChrome Headless 150.0.0.0 (Windows 10): Executed 35 of 120[32m SUCCESS[39m (0 secs / 1.79 secs)
[1A[2KChrome Headless 150.0.0.0 (Windows 10): Executed 36 of 120[32m SUCCESS[39m (0 secs / 1.791 secs)
[1A[2KChrome Headless 150.0.0.0 (Windows 10): Executed 37 of 120[32m SUCCESS[39m (0 secs / 1.791 secs)
[1A[2KChrome Headless 150.0.0.0 (Windows 10): Executed 38 of 120[32m SUCCESS[39m (0 secs / 1.792 secs)
[1A[2KChrome Headless 150.0.0.0 (Windows 10): Executed 39 of 120[32m SUCCESS[39m (0 secs / 1.792 secs)
[1A[2KChrome Headless 150.0.0.0 (Windows 10): Executed 40 of 120[32m SUCCESS[39m (0 secs / 1.793 secs)
[1A[2KChrome Headless 150.0.0.0 (Windows 10): Executed 41 of 120[32m SUCCESS[39m (0 secs / 1.793 secs)
[1A[2KChrome Headless 150.0.0.0 (Windows 10): Executed 42 of 120[32m SUCCESS[39m (0 secs / 1.793 secs)
[1A[2KChrome Headless 150.0.0.0 (Windows 10): Executed 43 of 120[32m SUCCESS[39m (0 secs / 1.793 secs)
[1A[2K[31mChrome Headless 150.0.0.0 (Windows 10) scenario-engine converts during working years up to the target income above wages when allowed FAILED[39m
	Expected 17207 to be 17355.
	    at <Jasmine>
	    at UserContext.<anonymous> (src/app/core/calculators/scenario-engine.spec.ts:514:29)
	    at _ZoneDelegate.invoke (node_modules/zone.js/fesm2015/zone.js:398:28)
	    at _ProxyZoneSpec.onInvoke (node_modules/zone.js/fesm2015/zone-testing.js:2132:39)
	    at _ZoneDelegate.invoke (node_modules/zone.js/fesm2015/zone.js:397:34)
	Expected 162793 to be 162645.
	    at <Jasmine>
	    at UserContext.<anonymous> (src/app/core/calculators/scenario-engine.spec.ts:515:35)
	    at _ZoneDelegate.invoke (node_modules/zone.js/fesm2015/zone.js:398:28)
	    at _ProxyZoneSpec.onInvoke (node_modules/zone.js/fesm2015/zone-testing.js:2132:39)
	    at _ZoneDelegate.invoke (node_modules/zone.js/fesm2015/zone.js:397:34)
Chrome Headless 150.0.0.0 (Windows 10): Executed 44 of 120[31m (1 FAILED)[39m (0 secs / 1.794 secs)
[1A[2KChrome Headless 150.0.0.0 (Windows 10): Executed 45 of 120[31m (1 FAILED)[39m (0 secs / 1.823 secs)
[1A[2KChrome Headless 150.0.0.0 (Windows 10): Executed 46 of 120[31m (1 FAILED)[39m (0 secs / 1.823 secs)
[1A[2KChrome Headless 150.0.0.0 (Windows 10): Executed 47 of 120[31m (1 FAILED)[39m (0 secs / 1.824 secs)
[1A[2KChrome Headless 150.0.0.0 (Windows 10): Executed 48 of 120[31m (1 FAILED)[39m (0 secs / 1.859 secs)
[1A[2KChrome Headless 150.0.0.0 (Windows 10): Executed 49 of 120[31m (1 FAILED)[39m (0 secs / 1.86 secs)
[1A[2KChrome Headless 150.0.0.0 (Windows 10): Executed 50 of 120[31m (1 FAILED)[39m (0 secs / 1.861 secs)
[1A[2KChrome Headless 150.0.0.0 (Windows 10): Executed 51 of 120[31m (1 FAILED)[39m (0 secs / 1.861 secs)
[1A[2KChrome Headless 150.0.0.0 (Windows 10): Executed 52 of 120[31m (1 FAILED)[39m (0 secs / 1.862 secs)
[1A[2KChrome Headless 150.0.0.0 (Windows 10): Executed 53 of 120[31m (1 FAILED)[39m (0 secs / 1.862 secs)
[1A[2KChrome Headless 150.0.0.0 (Windows 10): Executed 54 of 120[31m (1 FAILED)[39m (0 secs / 1.958 secs)
[1A[2K[31mChrome Headless 150.0.0.0 (Windows 10) scenario-engine auto-disables working-year conversions when they lose after tax FAILED[39m
	Expected 671230 to be 671082.
	    at <Jasmine>
	    at UserContext.<anonymous> (src/app/core/calculators/scenario-engine.spec.ts:550:33)
	    at _ZoneDelegate.invoke (node_modules/zone.js/fesm2015/zone.js:398:28)
	    at _ProxyZoneSpec.onInvoke (node_modules/zone.js/fesm2015/zone-testing.js:2132:39)
	    at _ZoneDelegate.invoke (node_modules/zone.js/fesm2015/zone.js:397:34)
Chrome Headless 150.0.0.0 (Windows 10): Executed 55 of 120[31m (2 FAILED)[39m (0 secs / 1.959 secs)
[1A[2KChrome Headless 150.0.0.0 (Windows 10): Executed 56 of 120[31m (2 FAILED)[39m (0 secs / 1.959 secs)
[1A[2KChrome Headless 150.0.0.0 (Windows 10): Executed 57 of 120[31m (2 FAILED)[39m (0 secs / 1.959 secs)
[1A[2KChrome Headless 150.0.0.0 (Windows 10): Executed 58 of 120[31m (2 FAILED)[39m (0 secs / 1.959 secs)
[1A[2KChrome Headless 150.0.0.0 (Windows 10): Executed 59 of 120[31m (2 FAILED)[39m (0 secs / 1.959 secs)
[1A[2KChrome Headless 150.0.0.0 (Windows 10): Executed 60 of 120[31m (2 FAILED)[39m (0 secs / 1.959 secs)
[1A[2KChrome Headless 150.0.0.0 (Windows 10): Executed 61 of 120[31m (2 FAILED)[39m (0 secs / 1.96 secs)
[1A[2KChrome Headless 150.0.0.0 (Windows 10): Executed 62 of 120[31m (2 FAILED)[39m (0 secs / 1.96 secs)
[1A[2KChrome Headless 150.0.0.0 (Windows 10): Executed 63 of 120[31m (2 FAILED)[39m (0 secs / 1.96 secs)
[1A[2KChrome Headless 150.0.0.0 (Windows 10): Executed 64 of 120[31m (2 FAILED)[39m (0 secs / 1.961 secs)
[1A[2KChrome Headless 150.0.0.0 (Windows 10): Executed 65 of 120[31m (2 FAILED)[39m (0 secs / 1.961 secs)
[1A[2KChrome Headless 150.0.0.0 (Windows 10): Executed 66 of 120[31m (2 FAILED)[39m (0 secs / 1.961 secs)
[1A[2KChrome Headless 150.0.0.0 (Windows 10): Executed 67 of 120[31m (2 FAILED)[39m (0 secs / 1.961 secs)
[1A[2KChrome Headless 150.0.0.0 (Windows 10): Executed 68 of 120[31m (2 FAILED)[39m (0 secs / 1.962 secs)
[1A[2KChrome Headless 150.0.0.0 (Windows 10): Executed 69 of 120[31m (2 FAILED)[39m (0 secs / 1.962 secs)
[1A[2KChrome Headless 150.0.0.0 (Windows 10): Executed 70 of 120[31m (2 FAILED)[39m (0 secs / 1.962 secs)
[1A[2KChrome Headless 150.0.0.0 (Windows 10): Executed 71 of 120[31m (2 FAILED)[39m (0 secs / 1.962 secs)
[1A[2KChrome Headless 150.0.0.0 (Windows 10): Executed 72 of 120[31m (2 FAILED)[39m (0 secs / 1.962 secs)
[1A[2KChrome Headless 150.0.0.0 (Windows 10): Executed 73 of 120[31m (2 FAILED)[39m (0 secs / 1.962 secs)
[1A[2KChrome Headless 150.0.0.0 (Windows 10): Executed 74 of 120[31m (2 FAILED)[39m (0 secs / 1.962 secs)
[1A[2KChrome Headless 150.0.0.0 (Windows 10): Executed 75 of 120[31m (2 FAILED)[39m (0 secs / 1.962 secs)
[1A[2KChrome Headless 150.0.0.0 (Windows 10): Executed 76 of 120[31m (2 FAILED)[39m (0 secs / 1.963 secs)
[1A[2KChrome Headless 150.0.0.0 (Windows 10): Executed 77 of 120[31m (2 FAILED)[39m (0 secs / 1.963 secs)
[1A[2KChrome Headless 150.0.0.0 (Windows 10): Executed 78 of 120[31m (2 FAILED)[39m (0 secs / 1.963 secs)
[1A[2KChrome Headless 150.0.0.0 (Windows 10): Executed 79 of 120[31m (2 FAILED)[39m (0 secs / 1.963 secs)
[1A[2KChrome Headless 150.0.0.0 (Windows 10): Executed 80 of 120[31m (2 FAILED)[39m (0 secs / 1.964 secs)
[1A[2KChrome Headless 150.0.0.0 (Windows 10): Executed 81 of 120[31m (2 FAILED)[39m (0 secs / 1.964 secs)
[1A[2KChrome Headless 150.0.0.0 (Windows 10): Executed 82 of 120[31m (2 FAILED)[39m (0 secs / 1.964 secs)
[1A[2KChrome Headless 150.0.0.0 (Windows 10): Executed 83 of 120[31m (2 FAILED)[39m (0 secs / 1.964 secs)
[1A[2KChrome Headless 150.0.0.0 (Windows 10): Executed 84 of 120[31m (2 FAILED)[39m (0 secs / 1.964 secs)
[1A[2KChrome Headless 150.0.0.0 (Windows 10): Executed 85 of 120[31m (2 FAILED)[39m (0 secs / 1.964 secs)
[1A[2KChrome Headless 150.0.0.0 (Windows 10): Executed 86 of 120[31m (2 FAILED)[39m (0 secs / 1.966 secs)
[1A[2KChrome Headless 150.0.0.0 (Windows 10): Executed 87 of 120[31m (2 FAILED)[39m (0 secs / 1.968 secs)
[1A[2KChrome Headless 150.0.0.0 (Windows 10): Executed 88 of 120[31m (2 FAILED)[39m (0 secs / 1.969 secs)
[1A[2KChrome Headless 150.0.0.0 (Windows 10): Executed 89 of 120[31m (2 FAILED)[39m (0 secs / 1.971 secs)
[1A[2KChrome Headless 150.0.0.0 (Windows 10): Executed 90 of 120[31m (2 FAILED)[39m (0 secs / 1.971 secs)
[1A[2KChrome Headless 150.0.0.0 (Windows 10): Executed 91 of 120[31m (2 FAILED)[39m (0 secs / 1.972 secs)
[1A[2KChrome Headless 150.0.0.0 (Windows 10): Executed 92 of 120[31m (2 FAILED)[39m (0 secs / 1.973 secs)
[1A[2KChrome Headless 150.0.0.0 (Windows 10): Executed 93 of 120[31m (2 FAILED)[39m (0 secs / 1.974 secs)
[1A[2KChrome Headless 150.0.0.0 (Windows 10): Executed 94 of 120[31m (2 FAILED)[39m (0 secs / 1.975 secs)
[1A[2KChrome Headless 150.0.0.0 (Windows 10): Executed 95 of 120[31m (2 FAILED)[39m (0 secs / 1.976 secs)
[1A[2KChrome Headless 150.0.0.0 (Windows 10): Executed 96 of 120[31m (2 FAILED)[39m (0 secs / 1.976 secs)
[1A[2KChrome Headless 150.0.0.0 (Windows 10): Executed 97 of 120[31m (2 FAILED)[39m (0 secs / 1.976 secs)
[1A[2KChrome Headless 150.0.0.0 (Windows 10): Executed 98 of 120[31m (2 FAILED)[39m (0 secs / 1.976 secs)
[1A[2KChrome Headless 150.0.0.0 (Windows 10): Executed 99 of 120[31m (2 FAILED)[39m (0 secs / 1.976 secs)
[1A[2KChrome Headless 150.0.0.0 (Windows 10): Executed 100 of 120[31m (2 FAILED)[39m (0 secs / 1.976 secs)
[1A[2KChrome Headless 150.0.0.0 (Windows 10): Executed 101 of 120[31m (2 FAILED)[39m (0 secs / 1.976 secs)
[1A[2KChrome Headless 150.0.0.0 (Windows 10): Executed 102 of 120[31m (2 FAILED)[39m (0 secs / 1.977 secs)
[1A[2KChrome Headless 150.0.0.0 (Windows 10): Executed 103 of 120[31m (2 FAILED)[39m (0 secs / 1.977 secs)
[1A[2KChrome Headless 150.0.0.0 (Windows 10): Executed 104 of 120[31m (2 FAILED)[39m (0 secs / 1.977 secs)
[1A[2KChrome Headless 150.0.0.0 (Windows 10): Executed 105 of 120[31m (2 FAILED)[39m (0 secs / 1.977 secs)
[1A[2KChrome Headless 150.0.0.0 (Windows 10): Executed 106 of 120[31m (2 FAILED)[39m (0 secs / 1.977 secs)
[1A[2KChrome Headless 150.0.0.0 (Windows 10): Executed 107 of 120[31m (2 FAILED)[39m (0 secs / 1.977 secs)
[1A[2KChrome Headless 150.0.0.0 (Windows 10): Executed 108 of 120[31m (2 FAILED)[39m (0 secs / 1.977 secs)
[1A[2KChrome Headless 150.0.0.0 (Windows 10): Executed 109 of 120[31m (2 FAILED)[39m (0 secs / 1.977 secs)
[1A[2KChrome Headless 150.0.0.0 (Windows 10): Executed 110 of 120[31m (2 FAILED)[39m (0 secs / 1.977 secs)
[1A[2KChrome Headless 150.0.0.0 (Windows 10): Executed 111 of 120[31m (2 FAILED)[39m (0 secs / 1.977 secs)
[1A[2KChrome Headless 150.0.0.0 (Windows 10): Executed 112 of 120[31m (2 FAILED)[39m (0 secs / 1.977 secs)
[1A[2KChrome Headless 150.0.0.0 (Windows 10): Executed 113 of 120[31m (2 FAILED)[39m (0 secs / 1.977 secs)
[1A[2KChrome Headless 150.0.0.0 (Windows 10): Executed 114 of 120[31m (2 FAILED)[39m (0 secs / 1.977 secs)
[1A[2KChrome Headless 150.0.0.0 (Windows 10): Executed 115 of 120[31m (2 FAILED)[39m (0 secs / 1.978 secs)
[1A[2KChrome Headless 150.0.0.0 (Windows 10): Executed 116 of 120[31m (2 FAILED)[39m (0 secs / 1.978 secs)
[1A[2KChrome Headless 150.0.0.0 (Windows 10): Executed 117 of 120[31m (2 FAILED)[39m (0 secs / 1.978 secs)
[1A[2KChrome Headless 150.0.0.0 (Windows 10): Executed 118 of 120[31m (2 FAILED)[39m (0 secs / 1.978 secs)
[1A[2KChrome Headless 150.0.0.0 (Windows 10): Executed 119 of 120[31m (2 FAILED)[39m (0 secs / 1.978 secs)
[1A[2KChrome Headless 150.0.0.0 (Windows 10): Executed 120 of 120[31m (2 FAILED)[39m (0 secs / 1.978 secs)
[1A[2KChrome Headless 150.0.0.0 (Windows 10): Executed 120 of 120[31m (2 FAILED)[39m (2.009 secs / 1.978 secs)
[31mTOTAL: 2 FAILED, 118 SUCCESS[39m
